error[E0716]: temporary value dropped while borrowed
  --> $DIR/format-args-temporary-scopes.rs:12:25
   |
LL |     println!("{:?}", { &temp() });
   |                      ---^^^^^---
   |                      |  |    |
   |                      |  |    temporary value is freed at the end of this statement
   |                      |  creates a temporary value which is freed while still in use
   |                      borrow later used here
   |
   = note: consider using a `let` binding to create a longer lived value

error[E0716]: temporary value dropped while borrowed
  --> $DIR/format-args-temporary-scopes.rs:18:29
   |
LL |     println!("{:?}{:?}", { &temp() }, ());
   |                          ---^^^^^---
   |                          |  |    |
   |                          |  |    temporary value is freed at the end of this statement
   |                          |  creates a temporary value which is freed while still in use
   |                          borrow later used here
   |
   = note: consider using a `let` binding to create a longer lived value

error[E0716]: temporary value dropped while borrowed
  --> $DIR/format-args-temporary-scopes.rs:25:41
   |
LL |     println!("{:?}{:?}", (), if true { &format!("") } else { "" });
   |                                        -^^^^^^^^^^-
   |                                        ||         |
   |                                        ||         temporary value is freed at the end of this statement
   |                                        |creates a temporary value which is freed while still in use
   |                                        borrow later used here
   |
   = note: consider using a `let` binding to create a longer lived value
   = note: this error originates in the macro `format` (in Nightly builds, run with -Z macro-backtrace for more info)

error: aborting due to 3 previous errors

For more information about this error, try `rustc --explain E0716`.
